------------------------------------------------------------
TimeQuest Timing Analyzer Summary
------------------------------------------------------------

Type  : Slow 1100mV 85C Model Setup 'CLOCK_125_p'
Slack : -1.491
TNS   : -196.923

Type  : Slow 1100mV 85C Model Setup 'u0|lpddr2|pll0|pll_afi_clk'
Slack : 0.111
TNS   : 0.000

Type  : Slow 1100mV 85C Model Setup 'u0|lpddr2|pll0|pll_avl_clk'
Slack : 2.987
TNS   : 0.000

Type  : Slow 1100mV 85C Model Setup 'CLOCK_50_B7A'
Slack : 8.054
TNS   : 0.000

Type  : Slow 1100mV 85C Model Setup 'altera_reserved_tck'
Slack : 10.849
TNS   : 0.000

Type  : Slow 1100mV 85C Model Setup 'u0|lpddr2|pll0|pll_config_clk'
Slack : 15.468
TNS   : 0.000

Type  : Slow 1100mV 85C Model Setup 'u0|video_pll|altera_pll_i|general[0].gpll~PLL_OUTPUT_COUNTER|divclk'
Slack : 34.282
TNS   : 0.000

Type  : Slow 1100mV 85C Model Hold 'CLOCK_50_B7A'
Slack : 0.033
TNS   : 0.000

Type  : Slow 1100mV 85C Model Hold 'u0|lpddr2|pll0|pll_afi_clk'
Slack : 0.160
TNS   : 0.000

Type  : Slow 1100mV 85C Model Hold 'u0|lpddr2|pll0|pll_config_clk'
Slack : 0.319
TNS   : 0.000

Type  : Slow 1100mV 85C Model Hold 'CLOCK_125_p'
Slack : 0.327
TNS   : 0.000

Type  : Slow 1100mV 85C Model Hold 'u0|video_pll|altera_pll_i|general[0].gpll~PLL_OUTPUT_COUNTER|divclk'
Slack : 0.365
TNS   : 0.000

Type  : Slow 1100mV 85C Model Hold 'u0|lpddr2|pll0|pll_avl_clk'
Slack : 0.381
TNS   : 0.000

Type  : Slow 1100mV 85C Model Hold 'altera_reserved_tck'
Slack : 0.468
TNS   : 0.000

Type  : Slow 1100mV 85C Model Recovery 'u0|lpddr2|pll0|pll_afi_clk'
Slack : -9.320
TNS   : -27.766

Type  : Slow 1100mV 85C Model Recovery 'u0|lpddr2|pll0|pll_avl_clk'
Slack : -4.013
TNS   : -7.790

Type  : Slow 1100mV 85C Model Recovery 'u0|lpddr2|pll0|pll_config_clk'
Slack : -3.063
TNS   : -45.904

Type  : Slow 1100mV 85C Model Recovery 'CLOCK_125_p'
Slack : 1.182
TNS   : 0.000

Type  : Slow 1100mV 85C Model Recovery 'u0|video_pll|altera_pll_i|general[0].gpll~PLL_OUTPUT_COUNTER|divclk'
Slack : 3.378
TNS   : 0.000

Type  : Slow 1100mV 85C Model Recovery 'altera_reserved_tck'
Slack : 14.549
TNS   : 0.000

Type  : Slow 1100mV 85C Model Recovery 'CLOCK_50_B7A'
Slack : 14.565
TNS   : 0.000

Type  : Slow 1100mV 85C Model Removal 'u0|lpddr2|pll0|pll_avl_clk'
Slack : 0.004
TNS   : 0.000

Type  : Slow 1100mV 85C Model Removal 'CLOCK_50_B7A'
Slack : 0.422
TNS   : 0.000

Type  : Slow 1100mV 85C Model Removal 'u0|lpddr2|pll0|pll_config_clk'
Slack : 0.798
TNS   : 0.000

Type  : Slow 1100mV 85C Model Removal 'u0|video_pll|altera_pll_i|general[0].gpll~PLL_OUTPUT_COUNTER|divclk'
Slack : 0.939
TNS   : 0.000

Type  : Slow 1100mV 85C Model Removal 'altera_reserved_tck'
Slack : 1.083
TNS   : 0.000

Type  : Slow 1100mV 85C Model Removal 'CLOCK_125_p'
Slack : 2.324
TNS   : 0.000

Type  : Slow 1100mV 85C Model Removal 'u0|lpddr2|pll0|pll_afi_clk'
Slack : 3.133
TNS   : 0.000

Type  : Slow 1100mV 85C Model Minimum Pulse Width 'u0|lpddr2|pll0|pll_afi_clk'
Slack : 0.757
TNS   : 0.000

Type  : Slow 1100mV 85C Model Minimum Pulse Width 'u0|lpddr2|pll0|pll_dq_write_clk'
Slack : 0.810
TNS   : 0.000

Type  : Slow 1100mV 85C Model Minimum Pulse Width 'u0|lpddr2|ECE423_QSYS_lpddr2_p0_sampling_clock'
Slack : 1.512
TNS   : 0.000

Type  : Slow 1100mV 85C Model Minimum Pulse Width 'u0|video_pll|altera_pll_i|general[0].gpll~FRACTIONAL_PLL|vcoph[0]'
Slack : 1.666
TNS   : 0.000

Type  : Slow 1100mV 85C Model Minimum Pulse Width 'CLOCK_125_p'
Slack : 2.576
TNS   : 0.000

Type  : Slow 1100mV 85C Model Minimum Pulse Width 'u0|lpddr2|pll0|pll_avl_clk'
Slack : 6.142
TNS   : 0.000

Type  : Slow 1100mV 85C Model Minimum Pulse Width 'CLOCK_50_B7A'
Slack : 8.641
TNS   : 0.000

Type  : Slow 1100mV 85C Model Minimum Pulse Width 'CLOCK_50_B5B'
Slack : 9.731
TNS   : 0.000

Type  : Slow 1100mV 85C Model Minimum Pulse Width 'altera_reserved_tck'
Slack : 15.355
TNS   : 0.000

Type  : Slow 1100mV 85C Model Minimum Pulse Width 'u0|video_pll|altera_pll_i|general[0].gpll~PLL_OUTPUT_COUNTER|divclk'
Slack : 18.566
TNS   : 0.000

Type  : Slow 1100mV 85C Model Minimum Pulse Width 'u0|lpddr2|pll0|pll_config_clk'
Slack : 21.751
TNS   : 0.000

Type  : Slow 1100mV 0C Model Setup 'CLOCK_125_p'
Slack : -1.430
TNS   : -270.715

Type  : Slow 1100mV 0C Model Setup 'u0|lpddr2|pll0|pll_afi_clk'
Slack : 0.180
TNS   : 0.000

Type  : Slow 1100mV 0C Model Setup 'u0|lpddr2|pll0|pll_avl_clk'
Slack : 2.904
TNS   : 0.000

Type  : Slow 1100mV 0C Model Setup 'CLOCK_50_B7A'
Slack : 8.104
TNS   : 0.000

Type  : Slow 1100mV 0C Model Setup 'altera_reserved_tck'
Slack : 11.166
TNS   : 0.000

Type  : Slow 1100mV 0C Model Setup 'u0|lpddr2|pll0|pll_config_clk'
Slack : 15.276
TNS   : 0.000

Type  : Slow 1100mV 0C Model Setup 'u0|video_pll|altera_pll_i|general[0].gpll~PLL_OUTPUT_COUNTER|divclk'
Slack : 34.227
TNS   : 0.000

Type  : Slow 1100mV 0C Model Hold 'CLOCK_50_B7A'
Slack : -0.025
TNS   : -0.025

Type  : Slow 1100mV 0C Model Hold 'u0|lpddr2|pll0|pll_afi_clk'
Slack : 0.210
TNS   : 0.000

Type  : Slow 1100mV 0C Model Hold 'u0|lpddr2|pll0|pll_config_clk'
Slack : 0.304
TNS   : 0.000

Type  : Slow 1100mV 0C Model Hold 'u0|lpddr2|pll0|pll_avl_clk'
Slack : 0.305
TNS   : 0.000

Type  : Slow 1100mV 0C Model Hold 'CLOCK_125_p'
Slack : 0.306
TNS   : 0.000

Type  : Slow 1100mV 0C Model Hold 'u0|video_pll|altera_pll_i|general[0].gpll~PLL_OUTPUT_COUNTER|divclk'
Slack : 0.347
TNS   : 0.000

Type  : Slow 1100mV 0C Model Hold 'altera_reserved_tck'
Slack : 0.509
TNS   : 0.000

Type  : Slow 1100mV 0C Model Recovery 'u0|lpddr2|pll0|pll_afi_clk'
Slack : -9.096
TNS   : -27.081

Type  : Slow 1100mV 0C Model Recovery 'u0|lpddr2|pll0|pll_avl_clk'
Slack : -3.927
TNS   : -7.619

Type  : Slow 1100mV 0C Model Recovery 'u0|lpddr2|pll0|pll_config_clk'
Slack : -2.947
TNS   : -44.170

Type  : Slow 1100mV 0C Model Recovery 'CLOCK_125_p'
Slack : 1.366
TNS   : 0.000

Type  : Slow 1100mV 0C Model Recovery 'u0|video_pll|altera_pll_i|general[0].gpll~PLL_OUTPUT_COUNTER|divclk'
Slack : 3.759
TNS   : 0.000

Type  : Slow 1100mV 0C Model Recovery 'altera_reserved_tck'
Slack : 14.700
TNS   : 0.000

Type  : Slow 1100mV 0C Model Recovery 'CLOCK_50_B7A'
Slack : 14.740
TNS   : 0.000

Type  : Slow 1100mV 0C Model Removal 'u0|lpddr2|pll0|pll_avl_clk'
Slack : 0.060
TNS   : 0.000

Type  : Slow 1100mV 0C Model Removal 'CLOCK_50_B7A'
Slack : 0.448
TNS   : 0.000

Type  : Slow 1100mV 0C Model Removal 'u0|video_pll|altera_pll_i|general[0].gpll~PLL_OUTPUT_COUNTER|divclk'
Slack : 0.530
TNS   : 0.000

Type  : Slow 1100mV 0C Model Removal 'u0|lpddr2|pll0|pll_config_clk'
Slack : 0.804
TNS   : 0.000

Type  : Slow 1100mV 0C Model Removal 'altera_reserved_tck'
Slack : 1.027
TNS   : 0.000

Type  : Slow 1100mV 0C Model Removal 'CLOCK_125_p'
Slack : 2.284
TNS   : 0.000

Type  : Slow 1100mV 0C Model Removal 'u0|lpddr2|pll0|pll_afi_clk'
Slack : 3.010
TNS   : 0.000

Type  : Slow 1100mV 0C Model Minimum Pulse Width 'u0|lpddr2|pll0|pll_afi_clk'
Slack : 0.694
TNS   : 0.000

Type  : Slow 1100mV 0C Model Minimum Pulse Width 'u0|lpddr2|pll0|pll_dq_write_clk'
Slack : 0.818
TNS   : 0.000

Type  : Slow 1100mV 0C Model Minimum Pulse Width 'u0|lpddr2|ECE423_QSYS_lpddr2_p0_sampling_clock'
Slack : 1.510
TNS   : 0.000

Type  : Slow 1100mV 0C Model Minimum Pulse Width 'u0|video_pll|altera_pll_i|general[0].gpll~FRACTIONAL_PLL|vcoph[0]'
Slack : 1.666
TNS   : 0.000

Type  : Slow 1100mV 0C Model Minimum Pulse Width 'CLOCK_125_p'
Slack : 2.522
TNS   : 0.000

Type  : Slow 1100mV 0C Model Minimum Pulse Width 'u0|lpddr2|pll0|pll_avl_clk'
Slack : 6.101
TNS   : 0.000

Type  : Slow 1100mV 0C Model Minimum Pulse Width 'CLOCK_50_B7A'
Slack : 8.577
TNS   : 0.000

Type  : Slow 1100mV 0C Model Minimum Pulse Width 'CLOCK_50_B5B'
Slack : 9.741
TNS   : 0.000

Type  : Slow 1100mV 0C Model Minimum Pulse Width 'altera_reserved_tck'
Slack : 15.340
TNS   : 0.000

Type  : Slow 1100mV 0C Model Minimum Pulse Width 'u0|video_pll|altera_pll_i|general[0].gpll~PLL_OUTPUT_COUNTER|divclk'
Slack : 18.529
TNS   : 0.000

Type  : Slow 1100mV 0C Model Minimum Pulse Width 'u0|lpddr2|pll0|pll_config_clk'
Slack : 21.751
TNS   : 0.000

Type  : Fast 1100mV 85C Model Setup 'u0|lpddr2|pll0|pll_afi_clk'
Slack : 1.375
TNS   : 0.000

Type  : Fast 1100mV 85C Model Setup 'CLOCK_125_p'
Slack : 3.034
TNS   : 0.000

Type  : Fast 1100mV 85C Model Setup 'u0|lpddr2|pll0|pll_avl_clk'
Slack : 8.888
TNS   : 0.000

Type  : Fast 1100mV 85C Model Setup 'CLOCK_50_B7A'
Slack : 13.195
TNS   : 0.000

Type  : Fast 1100mV 85C Model Setup 'altera_reserved_tck'
Slack : 13.681
TNS   : 0.000

Type  : Fast 1100mV 85C Model Setup 'u0|lpddr2|pll0|pll_config_clk'
Slack : 18.947
TNS   : 0.000

Type  : Fast 1100mV 85C Model Setup 'u0|video_pll|altera_pll_i|general[0].gpll~PLL_OUTPUT_COUNTER|divclk'
Slack : 36.871
TNS   : 0.000

Type  : Fast 1100mV 85C Model Hold 'CLOCK_50_B7A'
Slack : 0.080
TNS   : 0.000

Type  : Fast 1100mV 85C Model Hold 'CLOCK_125_p'
Slack : 0.147
TNS   : 0.000

Type  : Fast 1100mV 85C Model Hold 'u0|lpddr2|pll0|pll_config_clk'
Slack : 0.162
TNS   : 0.000

Type  : Fast 1100mV 85C Model Hold 'u0|lpddr2|pll0|pll_avl_clk'
Slack : 0.166
TNS   : 0.000

Type  : Fast 1100mV 85C Model Hold 'altera_reserved_tck'
Slack : 0.175
TNS   : 0.000

Type  : Fast 1100mV 85C Model Hold 'u0|video_pll|altera_pll_i|general[0].gpll~PLL_OUTPUT_COUNTER|divclk'
Slack : 0.176
TNS   : 0.000

Type  : Fast 1100mV 85C Model Hold 'u0|lpddr2|pll0|pll_afi_clk'
Slack : 0.183
TNS   : 0.000

Type  : Fast 1100mV 85C Model Recovery 'u0|lpddr2|pll0|pll_afi_clk'
Slack : -4.787
TNS   : -14.294

Type  : Fast 1100mV 85C Model Recovery 'u0|lpddr2|pll0|pll_avl_clk'
Slack : -2.330
TNS   : -4.471

Type  : Fast 1100mV 85C Model Recovery 'u0|lpddr2|pll0|pll_config_clk'
Slack : -1.772
TNS   : -26.575

Type  : Fast 1100mV 85C Model Recovery 'CLOCK_125_p'
Slack : 4.472
TNS   : 0.000

Type  : Fast 1100mV 85C Model Recovery 'u0|video_pll|altera_pll_i|general[0].gpll~PLL_OUTPUT_COUNTER|divclk'
Slack : 5.050
TNS   : 0.000

Type  : Fast 1100mV 85C Model Recovery 'altera_reserved_tck'
Slack : 16.027
TNS   : 0.000

Type  : Fast 1100mV 85C Model Recovery 'CLOCK_50_B7A'
Slack : 16.655
TNS   : 0.000

Type  : Fast 1100mV 85C Model Removal 'u0|lpddr2|pll0|pll_avl_clk'
Slack : 0.128
TNS   : 0.000

Type  : Fast 1100mV 85C Model Removal 'CLOCK_50_B7A'
Slack : 0.194
TNS   : 0.000

Type  : Fast 1100mV 85C Model Removal 'altera_reserved_tck'
Slack : 0.456
TNS   : 0.000

Type  : Fast 1100mV 85C Model Removal 'u0|video_pll|altera_pll_i|general[0].gpll~PLL_OUTPUT_COUNTER|divclk'
Slack : 0.521
TNS   : 0.000

Type  : Fast 1100mV 85C Model Removal 'u0|lpddr2|pll0|pll_config_clk'
Slack : 0.601
TNS   : 0.000

Type  : Fast 1100mV 85C Model Removal 'CLOCK_125_p'
Slack : 1.227
TNS   : 0.000

Type  : Fast 1100mV 85C Model Removal 'u0|lpddr2|pll0|pll_afi_clk'
Slack : 1.757
TNS   : 0.000

Type  : Fast 1100mV 85C Model Minimum Pulse Width 'u0|lpddr2|pll0|pll_afi_clk'
Slack : 1.066
TNS   : 0.000

Type  : Fast 1100mV 85C Model Minimum Pulse Width 'u0|lpddr2|pll0|pll_dq_write_clk'
Slack : 1.149
TNS   : 0.000

Type  : Fast 1100mV 85C Model Minimum Pulse Width 'u0|lpddr2|ECE423_QSYS_lpddr2_p0_sampling_clock'
Slack : 1.514
TNS   : 0.000

Type  : Fast 1100mV 85C Model Minimum Pulse Width 'u0|video_pll|altera_pll_i|general[0].gpll~FRACTIONAL_PLL|vcoph[0]'
Slack : 1.666
TNS   : 0.000

Type  : Fast 1100mV 85C Model Minimum Pulse Width 'CLOCK_125_p'
Slack : 2.904
TNS   : 0.000

Type  : Fast 1100mV 85C Model Minimum Pulse Width 'u0|lpddr2|pll0|pll_avl_clk'
Slack : 6.460
TNS   : 0.000

Type  : Fast 1100mV 85C Model Minimum Pulse Width 'CLOCK_50_B7A'
Slack : 8.468
TNS   : 0.000

Type  : Fast 1100mV 85C Model Minimum Pulse Width 'CLOCK_50_B5B'
Slack : 9.336
TNS   : 0.000

Type  : Fast 1100mV 85C Model Minimum Pulse Width 'altera_reserved_tck'
Slack : 15.339
TNS   : 0.000

Type  : Fast 1100mV 85C Model Minimum Pulse Width 'u0|video_pll|altera_pll_i|general[0].gpll~PLL_OUTPUT_COUNTER|divclk'
Slack : 18.885
TNS   : 0.000

Type  : Fast 1100mV 85C Model Minimum Pulse Width 'u0|lpddr2|pll0|pll_config_clk'
Slack : 22.267
TNS   : 0.000

Type  : Fast 1100mV 0C Model Setup 'u0|lpddr2|pll0|pll_afi_clk'
Slack : 1.461
TNS   : 0.000

Type  : Fast 1100mV 0C Model Setup 'CLOCK_125_p'
Slack : 3.616
TNS   : 0.000

Type  : Fast 1100mV 0C Model Setup 'u0|lpddr2|pll0|pll_avl_clk'
Slack : 9.417
TNS   : 0.000

Type  : Fast 1100mV 0C Model Setup 'CLOCK_50_B7A'
Slack : 13.868
TNS   : 0.000

Type  : Fast 1100mV 0C Model Setup 'altera_reserved_tck'
Slack : 14.159
TNS   : 0.000

Type  : Fast 1100mV 0C Model Setup 'u0|lpddr2|pll0|pll_config_clk'
Slack : 19.254
TNS   : 0.000

Type  : Fast 1100mV 0C Model Setup 'u0|video_pll|altera_pll_i|general[0].gpll~PLL_OUTPUT_COUNTER|divclk'
Slack : 37.088
TNS   : 0.000

Type  : Fast 1100mV 0C Model Hold 'CLOCK_50_B7A'
Slack : 0.078
TNS   : 0.000

Type  : Fast 1100mV 0C Model Hold 'u0|lpddr2|pll0|pll_avl_clk'
Slack : 0.113
TNS   : 0.000

Type  : Fast 1100mV 0C Model Hold 'CLOCK_125_p'
Slack : 0.139
TNS   : 0.000

Type  : Fast 1100mV 0C Model Hold 'u0|lpddr2|pll0|pll_config_clk'
Slack : 0.148
TNS   : 0.000

Type  : Fast 1100mV 0C Model Hold 'altera_reserved_tck'
Slack : 0.160
TNS   : 0.000

Type  : Fast 1100mV 0C Model Hold 'u0|video_pll|altera_pll_i|general[0].gpll~PLL_OUTPUT_COUNTER|divclk'
Slack : 0.163
TNS   : 0.000

Type  : Fast 1100mV 0C Model Hold 'u0|lpddr2|pll0|pll_afi_clk'
Slack : 0.176
TNS   : 0.000

Type  : Fast 1100mV 0C Model Recovery 'u0|lpddr2|pll0|pll_afi_clk'
Slack : -4.618
TNS   : -13.762

Type  : Fast 1100mV 0C Model Recovery 'u0|lpddr2|pll0|pll_avl_clk'
Slack : -2.228
TNS   : -4.294

Type  : Fast 1100mV 0C Model Recovery 'u0|lpddr2|pll0|pll_config_clk'
Slack : -1.699
TNS   : -25.470

Type  : Fast 1100mV 0C Model Recovery 'CLOCK_125_p'
Slack : 4.819
TNS   : 0.000

Type  : Fast 1100mV 0C Model Recovery 'u0|video_pll|altera_pll_i|general[0].gpll~PLL_OUTPUT_COUNTER|divclk'
Slack : 5.531
TNS   : 0.000

Type  : Fast 1100mV 0C Model Recovery 'altera_reserved_tck'
Slack : 16.182
TNS   : 0.000

Type  : Fast 1100mV 0C Model Recovery 'CLOCK_50_B7A'
Slack : 17.053
TNS   : 0.000

Type  : Fast 1100mV 0C Model Removal 'u0|lpddr2|pll0|pll_avl_clk'
Slack : 0.084
TNS   : 0.000

Type  : Fast 1100mV 0C Model Removal 'CLOCK_50_B7A'
Slack : 0.196
TNS   : 0.000

Type  : Fast 1100mV 0C Model Removal 'altera_reserved_tck'
Slack : 0.409
TNS   : 0.000

Type  : Fast 1100mV 0C Model Removal 'u0|video_pll|altera_pll_i|general[0].gpll~PLL_OUTPUT_COUNTER|divclk'
Slack : 0.466
TNS   : 0.000

Type  : Fast 1100mV 0C Model Removal 'u0|lpddr2|pll0|pll_config_clk'
Slack : 0.540
TNS   : 0.000

Type  : Fast 1100mV 0C Model Removal 'CLOCK_125_p'
Slack : 1.152
TNS   : 0.000

Type  : Fast 1100mV 0C Model Removal 'u0|lpddr2|pll0|pll_afi_clk'
Slack : 1.646
TNS   : 0.000

Type  : Fast 1100mV 0C Model Minimum Pulse Width 'u0|lpddr2|pll0|pll_afi_clk'
Slack : 1.060
TNS   : 0.000

Type  : Fast 1100mV 0C Model Minimum Pulse Width 'u0|lpddr2|pll0|pll_dq_write_clk'
Slack : 1.147
TNS   : 0.000

Type  : Fast 1100mV 0C Model Minimum Pulse Width 'u0|lpddr2|ECE423_QSYS_lpddr2_p0_sampling_clock'
Slack : 1.513
TNS   : 0.000

Type  : Fast 1100mV 0C Model Minimum Pulse Width 'u0|video_pll|altera_pll_i|general[0].gpll~FRACTIONAL_PLL|vcoph[0]'
Slack : 1.666
TNS   : 0.000

Type  : Fast 1100mV 0C Model Minimum Pulse Width 'CLOCK_125_p'
Slack : 2.898
TNS   : 0.000

Type  : Fast 1100mV 0C Model Minimum Pulse Width 'u0|lpddr2|pll0|pll_avl_clk'
Slack : 6.464
TNS   : 0.000

Type  : Fast 1100mV 0C Model Minimum Pulse Width 'CLOCK_50_B7A'
Slack : 8.523
TNS   : 0.000

Type  : Fast 1100mV 0C Model Minimum Pulse Width 'CLOCK_50_B5B'
Slack : 9.286
TNS   : 0.000

Type  : Fast 1100mV 0C Model Minimum Pulse Width 'altera_reserved_tck'
Slack : 15.335
TNS   : 0.000

Type  : Fast 1100mV 0C Model Minimum Pulse Width 'u0|video_pll|altera_pll_i|general[0].gpll~PLL_OUTPUT_COUNTER|divclk'
Slack : 18.888
TNS   : 0.000

Type  : Fast 1100mV 0C Model Minimum Pulse Width 'u0|lpddr2|pll0|pll_config_clk'
Slack : 22.260
TNS   : 0.000

------------------------------------------------------------
Info: see the "DDR report" for DDR timing results
------------------------------------------------------------
------------------------------------------------------------
